[36mvite v7.3.1 [32mbuilding client environment for production...[36m[39m
transforming...
[32m✓[39m 7047 modules transformed.
[31m✗[39m Build failed in 17.32s
[31merror during build:
[31mnode_modules/@chakra-ui/icons/dist/esm/Spinner.mjs (2:9): "forwardRef" is not exported by "node_modules/@chakra-ui/react/dist/esm/index.js", imported by "node_modules/@chakra-ui/icons/dist/esm/Spinner.mjs".[31m
file: [36mC:/Users/elang/OneDrive/Desktop/v1/node_modules/@chakra-ui/icons/dist/esm/Spinner.mjs:2:9[31m
[33m
1: import { jsxs, jsx } from 'react/jsx-runtime';
2: import { forwardRef, Icon } from '@chakra-ui/react';
            ^
3: import { useId } from 'react';
[31m
    at getRollupError (file:///C:/Users/elang/OneDrive/Desktop/v1/node_modules/rollup/dist/es/shared/parseAst.js:402:41)
    at error (file:///C:/Users/elang/OneDrive/Desktop/v1/node_modules/rollup/dist/es/shared/parseAst.js:398:42)
    at Module.error (file:///C:/Users/elang/OneDrive/Desktop/v1/node_modules/rollup/dist/es/shared/node-entry.js:17040:16)
    at Module.traceVariable (file:///C:/Users/elang/OneDrive/Desktop/v1/node_modules/rollup/dist/es/shared/node-entry.js:17452:29)
    at ModuleScope.findVariable (file:///C:/Users/elang/OneDrive/Desktop/v1/node_modules/rollup/dist/es/shared/node-entry.js:15070:39)
    at Identifier.bind (file:///C:/Users/elang/OneDrive/Desktop/v1/node_modules/rollup/dist/es/shared/node-entry.js:5447:40)
    at CallExpression.bind (file:///C:/Users/elang/OneDrive/Desktop/v1/node_modules/rollup/dist/es/shared/node-entry.js:2829:23)
    at CallExpression.bind (file:///C:/Users/elang/OneDrive/Desktop/v1/node_modules/rollup/dist/es/shared/node-entry.js:12179:15)
    at VariableDeclarator.bind (file:///C:/Users/elang/OneDrive/Desktop/v1/node_modules/rollup/dist/es/shared/node-entry.js:2829:23)
    at VariableDeclaration.bind (file:///C:/Users/elang/OneDrive/Desktop/v1/node_modules/rollup/dist/es/shared/node-entry.js:2825:28)[39m
